// Jest Snapshot v1, https://goo.gl/fbAQLP

exports[`Step should render children 1`] = `<div />`;
