// Jest Snapshot v1, https://goo.gl/fbAQLP

exports[`Steps should render correct child if controlled 1`] = `
<Steps
  step={
    Object {
      "id": "gryffindor",
    }
  }
>
  <Step
    id="gryffindor"
    key=".1"
  />
</Steps>
`;
