// Jest Snapshot v1, https://goo.gl/fbAQLP

exports[`Steps should render correct child if controlled 1`] = `
<Step
  id="hogwarts"
  key=".0"
/>
`;
