// Jest Snapshot v1, https://goo.gl/fbAQLP

exports[`WithWizard should render children 1`] = `<div />`;
